
Running Job 1 of 1 fodft_3.inp
qchem fodft_3.inp_1006199.0 /dev/shm/qchem1006199/ 0
/nopt/nrel/apps/q-chem/5.4/exe/qcprog.exe_s fodft_3.inp_1006199.0 /dev/shm/qchem1006199/
                  Welcome to Q-Chem
     A Quantum Leap Into The Future Of Chemistry


 Q-Chem 5.4, Q-Chem, Inc., Pleasanton, CA (2021)

 License issued to: National Renewable Energy Laboratory (site)

 E. Epifanovsky,  A. T. B. Gilbert,  Xintian Feng,  Joonho Lee,  Yuezhi Mao,  
 N. Mardirossian,  P. Pokhilko,  A. White,  M. Wormit,  M. P. Coons,  
 A. L. Dempwolff,  Zhengting Gan,  D. Hait,  P. R. Horn,  L. D. Jacobson,  
 I. Kaliman,  J. Kussmann,  A. W. Lange,  Ka Un Lao,  D. S. Levine,  Jie Liu,  
 S. C. McKenzie,  A. F. Morrison,  K. Nanda,  F. Plasser,  D. R. Rehn,  
 M. L. Vidal,  Zhi-Qiang You,  Ying Zhu,  B. Alam,  B. Albrecht,  
 A. Aldossary,  E. Alguire,  J. H. Andersen,  D. Barton,  K. Begam,  A. Behn,  
 Y. A. Bernard,  E. J. Berquist,  H. Burton,  A. Carreras,  K. Carter-Fenk,  
 Romit Chakraborty,  A. D. Chien,  K. D. Closser,  V. Cofer-Shabica,  
 S. Dasgupta,  Jia Deng,  M. de Wergifosse,  M. Diedenhofen,  Hainam Do,  
 S. Ehlert,  Po-Tung Fang,  S. Fatehi,  Qingguo Feng,  T. Friedhoff,  
 J. Gayvert,  Qinghui Ge,  G. Gidofalvi,  M. Goldey,  J. Gomes,  
 C. Gonzalez-Espinoza,  S. Gulania,  A. Gunina,  M. W. D. Hanson-Heine,  
 P. H. P. Harbach,  A. W. Hauser,  M. F. Herbst,  M. Hernandez Vera,  
 M. Hodecker,  Z. C. Holden,  S. Houck,  Xunkun Huang,  Kerwin Hui,  
 B. C. Huynh,  M. Ivanov,  Hyunjun Ji,  Hanjie Jiang,  B. Kaduk,  S. Kaehler,  
 K. Khistyaev,  Jaehoon Kim,  P. Klunzinger,  Z. Koczor-Benda,  
 Joong Hoon Koh,  D. Kosenkov,  L. Koulias,  T. Kowalczyk,  C. M. Krauter,  
 K. Kue,  A. Kunitsa,  T. Kus,  A. Landau,  K. V. Lawler,  D. Lefrancois,  
 S. Lehtola,  Rain Li,  Yi-Pei Li,  Jiashu Liang,  M. Liebenthal,  
 Hung-Hsuan Lin,  You-Sheng Lin,  Fenglai Liu,  Kuan-Yu Liu,  
 M. Loipersberger,  A. Luenser,  A. Manjanath,  P. Manohar,  E. Mansoor,  
 S. F. Manzer,  Shan-Ping Mao,  A. V. Marenich,  T. Markovich,  S. Mason,  
 S. A. Maurer,  P. F. McLaughlin,  M. F. S. J. Menger,  J.-M. Mewes,  
 S. A. Mewes,  P. Morgante,  J. W. Mullinax,  K. J. Oosterbaan,  G. Paran,  
 Alexander C. Paul,  Suranjan K. Paul,  F. Pavosevic,  Zheng Pei,  S. Prager,  
 E. I. Proynov,  E. Ramos,  B. Rana,  A. E. Rask,  A. Rettig,  R. M. Richard,  
 F. Rob,  E. Rossomme,  T. Scheele,  M. Scheurer,  M. Schneider,  
 N. Sergueev,  S. M. Sharada,  W. Skomorowski,  D. W. Small,  C. J. Stein,  
 Yu-Chuan Su,  E. J. Sundstrom,  Zhen Tao,  J. Thirman,  T. Tsuchimochi,  
 N. M. Tubman,  S. P. Veccham,  O. Vydrov,  J. Wenzel,  J. Witte,  A. Yamada,  
 Kun Yao,  S. Yeganeh,  S. R. Yost,  A. Zech,  Igor Ying Zhang,  Xing Zhang,  
 Yu Zhang,  D. Zuev,  A. Aspuru-Guzik,  A. T. Bell,  N. A. Besley,  
 K. B. Bravaya,  B. R. Brooks,  D. Casanova,  Jeng-Da Chai,  S. Coriani,  
 C. J. Cramer,  A. E. DePrince, III,  R. A. DiStasio Jr.,  A. Dreuw,  
 B. D. Dunietz,  T. R. Furlani,  W. A. Goddard III,  S. Grimme,  
 S. Hammes-Schiffer,  T. Head-Gordon,  W. J. Hehre,  Chao-Ping Hsu,  
 T.-C. Jagau,  Yousung Jung,  A. Klamt,  Jing Kong,  D. S. Lambrecht,  
 WanZhen Liang,  N. J. Mayhall,  C. W. McCurdy,  J. B. Neaton,  T. Neudecker,  
 C. Ochsenfeld,  J. A. Parkhill,  R. Peverati,  V. A. Rassolov,  Yihan Shao,  
 L. V. Slipchenko,  R. P. Steele,  J. E. Subotnik,  A. J. W. Thom,  
 A. Tkatchenko,  D. G. Truhlar,  T. Van Voorhis,  T. A. Wesolowski,  
 K. B. Whaley,  H. L. Woodcock III,  P. M. Zimmerman,  S. Faraji,  
 P. M. W. Gill,  M. Head-Gordon,  J. M. Herbert,  A. I. Krylov

 Additional authors since Version 5.4.0: 
 Chandrima Chakravarty,  L. Cunha,  R. Kang,  Yongbin Kim,  S. Kotaru,  
 Shaozhi Li,  Xiangyuan Li,  F. Matz,  A. Molle,  V. Parravicini,  
 Haisheng Ren,  Hengyuan Shen,  Yingli Su,  Hung-Yi Tsai,  C. Utku,  
 Fang Wang,  Jeff Yang,  F. Zeller

 Contributors to earlier versions of Q-Chem not listed above: 
 R. D. Adamson,  B. Austin,  R. Baer,  J. Baker,  G. J. O. Beran,  
 K. Brandhorst,  S. T. Brown,  E. F. C. Byrd,  Arup K. Chakraborty,  
 G. K. L. Chan,  Chun-Min Chang,  Yunqing Chen,  C.-L. Cheng,  
 Siu Hung Chien,  D. M. Chipman,  D. L. Crittenden,  H. Dachsel,  
 R. J. Doerksen,  A. D. Dutoi,  R. G. Edgar,  J. Fosso-Tande,  
 L. Fusti-Molnar,  D. Ghosh,  A. Ghysels,  A. Golubeva-Zadorozhnaya,  
 J. Gonthier,  M. S. Gordon,  S. R. Gwaltney,  G. Hawkins,  J. E. Herr,  
 A. Heyden,  S. Hirata,  E. G. Hohenstein,  G. Kedziora,  F. J. Keil,  
 C. Kelley,  Jihan Kim,  R. A. King,  R. Z. Khaliullin,  P. P. Korambath,  
 W. Kurlancheek,  A. Laurent,  A. M. Lee,  M. S. Lee,  S. V. Levchenko,  
 Ching Yeh Lin,  D. Liotard,  E. Livshits,  R. C. Lochan,  I. Lotan,  
 L. A. Martinez-Martinez,  P. E. Maslen,  N. Nair,  D. P. O'Neill,  
 D. Neuhauser,  E. Neuscamman,  C. M. Oana,  R. Olivares-Amaya,  R. Olson,  
 T. M. Perrine,  B. Peters,  P. A. Pieniazek,  A. Prociuk,  Y. M. Rhee,  
 J. Ritchie,  M. A. Rohrdanz,  E. Rosta,  N. J. Russ,  H. F. Schaefer III,  
 M. W. Schmidt,  N. E. Schultz,  S. Sharma,  N. Shenvi,  C. D. Sherrill,  
 A. C. Simmonett,  A. Sodt,  T. Stein,  D. Stuck,  K. S. Thanthiriwatte,  
 V. Vanovschi,  L. Vogt,  Tao Wang,  A. Warshel,  M. A. Watson,  
 C. F. Williams,  Q. Wu,  X. Xu,  Jun Yang,  W. Zhang,  Yan Zhao

   Please cite Q-Chem as follows:
  "Software for the frontiers of quantum chemistry:
   An overview of developments in the Q-Chem 5 package"
   J. Chem. Phys. 155, 084801 (2021)
   https://doi.org/10.1063/5.0055522 (open access)

 Q-Chem 5.4.2 for Intel X86 EM64T Linux

 Parts of Q-Chem use Armadillo 9.900.5 (Nocturnal Misbehaviour).
 http://arma.sourceforge.net/

 Q-Chem begins on Sat Oct  1 13:14:32 2022  

 Host: 
0

     Scratch files written to /dev/shm/qchem1006199//
 Dec1321 |scratch|qcdevops|jenkins|workspace|build_RNUM 7856   
 Processing $rem in /nopt/nrel/apps/q-chem/5.4/config/preferences:
 Processing $rem in /home/ewcss/.qchemrc:

 Checking the input file for inconsistencies... 	...done.

--------------------------------------------------------------
User input:
--------------------------------------------------------------
$molecule
0 1
--
0 1
C      0.000000    0.000000    0.000000
C      1.332000    0.000000    0.000000
H     -0.574301    0.000000   -0.928785
H     -0.574301    0.000000    0.928785
H      1.906301    0.000000    0.928785
H      1.906301    0.000000   -0.928785
--
0 1
C     -0.000000    4.000000    0.000000
C      1.332000    4.000000   -0.000000
H     -0.574301    4.000000    0.928785
H     -0.574301    4.000000   -0.928785
H      1.906301    4.000000   -0.928785
H      1.906301    4.000000    0.928785
$end

$rem
METHOD               wb97x-d
BASIS                def2-svpd
UNRESTRICTED         true
SCF_CONVERGENCE      8
THRESH               14
SYMMETRY             false
SYM_IGNORE           true
FRAG_DIABAT_METHOD   fodft
FODFT_METHOD         3
$end
--------------------------------------------------------------
 ----------------------------------------------------------------
             Standard Nuclear Orientation (Angstroms)
    I     Atom           X                Y                Z
 ----------------------------------------------------------------
    1      C       0.0000000000     0.0000000000     0.0000000000
    2      C       1.3320000000     0.0000000000     0.0000000000
    3      H      -0.5743010000     0.0000000000    -0.9287850000
    4      H      -0.5743010000     0.0000000000     0.9287850000
    5      H       1.9063010000     0.0000000000     0.9287850000
    6      H       1.9063010000     0.0000000000    -0.9287850000
    7      C       0.0000000000     4.0000000000     0.0000000000
    8      C       1.3320000000     4.0000000000     0.0000000000
    9      H      -0.5743010000     4.0000000000     0.9287850000
   10      H      -0.5743010000     4.0000000000    -0.9287850000
   11      H       1.9063010000     4.0000000000    -0.9287850000
   12      H       1.9063010000     4.0000000000     0.9287850000
 ----------------------------------------------------------------
 Nuclear Repulsion Energy =          98.69228250 hartrees
 There are       16 alpha and       16 beta electrons
 Requested basis set is def2-SVPD
 There are 64 shells and 144 basis functions

 Total QAlloc Memory Limit 100000 MB
 Mega-Array Size       188 MB
 MEM_STATIC part       192 MB

                       Distance Matrix (Angstroms)
             C (  1)   C (  2)   H (  3)   H (  4)   H (  5)   H (  6)
   C (  2)  1.332000
   H (  3)  1.092000  2.120525
   H (  4)  1.092000  2.120525  1.857570
   H (  5)  2.120525  1.092000  3.099024  2.480602
   H (  6)  2.120525  1.092000  2.480602  3.099024  1.857570
   C (  7)  4.000000  4.215949  4.146380  4.146380  4.527320  4.527320
   C (  8)  4.215949  4.000000  4.527320  4.527320  4.146380  4.146380
   H (  9)  4.146380  4.527320  4.410280  4.000000  4.706738  5.060035
   H ( 10)  4.146380  4.527320  4.000000  4.410280  5.060035  4.706738
   H ( 11)  4.527320  4.146380  4.706738  5.060035  4.410280  4.000000
   H ( 12)  4.527320  4.146380  5.060035  4.706738  4.000000  4.410280
             C (  7)   C (  8)   H (  9)   H ( 10)   H ( 11)
   C (  8)  1.332000
   H (  9)  1.092000  2.120525
   H ( 10)  1.092000  2.120525  1.857570
   H ( 11)  2.120525  1.092000  3.099024  2.480602
   H ( 12)  2.120525  1.092000  2.480602  3.099024  1.857570
 
 A cutoff of  1.0D-14 yielded   2048 shell pairs
 There are     10464 function pairs (     11684 Cartesian)
 Smallest overlap matrix eigenvalue = 7.35E-05

 Scale SEOQF with 1.000000e-01/1.000000e-01/1.000000e+00

 Standard Electronic Orientation quadrupole field applied
 Nucleus-field energy     =     0.0000000122 hartrees
Attempting to make child job directory: /dev/shm/qchem1006199//Frg1/
Attempting to make child job directory: /dev/shm/qchem1006199//Frg2/
Creating input file /dev/shm/qchem1006199/Frg1.input
using default PutDataFrgm: nothing
calling putenv with: QCSCRATCH=/dev/shm/qchem1006199/ 
calling putenv with: QCLOCALSCR=/dev/shm/qchem1006199/ 
Spawning Job For Fragment 0
Done Job For Fragment 0
calling putenv with: QCSCRATCH=/projects/silimorphous/ewcss/data/qchem/20220929_et_ht_methods/scratch 
calling putenv with: QCLOCALSCR=/dev/shm 
calling putenv with: QCTHREADS=64 
Creating input file /dev/shm/qchem1006199/Frg2.input
using default PutDataFrgm: nothing
calling putenv with: QCSCRATCH=/dev/shm/qchem1006199/ 
calling putenv with: QCLOCALSCR=/dev/shm/qchem1006199/ 
Spawning Job For Fragment 1
Done Job For Fragment 1
calling putenv with: QCSCRATCH=/projects/silimorphous/ewcss/data/qchem/20220929_et_ht_methods/scratch 
calling putenv with: QCLOCALSCR=/dev/shm 
calling putenv with: QCTHREADS=64 
 Time for running child jobs:  CPU 0.39 s  wall 57.96 s

 -----------------------------------------------------------------------
  General SCF calculation program by
  Eric Jon Sundstrom, Paul Horn, Yuezhi Mao, Dmitri Zuev, Alec White,
  David Stuck, Shaama M.S., Shane Yost, Joonho Lee, David Small,
  Daniel Levine, Susi Lehtola, Hugh Burton, Evgeny Epifanovsky,
  Bang C. Huynh
 -----------------------------------------------------------------------
Donor fragment: 1
 Exchange:     0.2220 Hartree-Fock + 1.0000 wB97X-D + LR-HF
 Correlation:  1.0000 wB97X-D
 Using SG-2 standard quadrature grid
 Dispersion:   Grimme D
Building the Fock (beta) with one less electron on the donor
Building the Fock (beta) with one less electron on the acceptor
====================================================
               FODFT(2n-1)@DA for HT                
   Oberhofer and Blumberger PCCP 14, 13846 (2012)  
====================================================
H_da = 0.008343 (227.035 meV)
H_ad = 0.008343 (227.035 meV)
The averaged electronic coupling: 0.008343 (227.035 meV)
 
 --------------------------------------------------------------
 
                    Orbital Energies (a.u.)
 --------------------------------------------------------------
 
 Alpha MOs
 -- Occupied --
  0.0000   0.0000   0.0000   0.0000   0.0000   0.0000   0.0000   0.0000
  0.0000   0.0000   0.0000   0.0000   0.0000   0.0000   0.0000   0.0000
 -- Virtual --
  0.0000   0.0000   0.0000   0.0000   0.0000   0.0000   0.0000   0.0000
  0.0000   0.0000   0.0000   0.0000   0.0000   0.0000   0.0000   0.0000
  0.0000   0.0000   0.0000   0.0000   0.0000   0.0000   0.0000   0.0000
  0.0000   0.0000   0.0000   0.0000   0.0000   0.0000   0.0000   0.0000
  0.0000   0.0000   0.0000   0.0000   0.0000   0.0000   0.0000   0.0000
  0.0000   0.0000   0.0000   0.0000   0.0000   0.0000   0.0000   0.0000
  0.0000   0.0000   0.0000   0.0000   0.0000   0.0000   0.0000   0.0000
  0.0000   0.0000   0.0000   0.0000   0.0000   0.0000   0.0000   0.0000
  0.0000   0.0000   0.0000   0.0000   0.0000   0.0000   0.0000   0.0000
  0.0000   0.0000   0.0000   0.0000   0.0000   0.0000   0.0000   0.0000
  0.0000   0.0000   0.0000   0.0000   0.0000   0.0000   0.0000   0.0000
  0.0000   0.0000   0.0000   0.0000   0.0000   0.0000   0.0000   0.0000
  0.0000   0.0000   0.0000   0.0000   0.0000   0.0000   0.0000   0.0000
  0.0000   0.0000   0.0000   0.0000   0.0000   0.0000   0.0000   0.0000
  0.0000   0.0000   0.0000   0.0000   0.0000   0.0000   0.0000   0.0000
  0.0000   0.0000   0.0000   0.0000   0.0000   0.0000   0.0000   0.0000
 
 Beta MOs
 -- Occupied --
  0.0000   0.0000   0.0000   0.0000   0.0000   0.0000   0.0000   0.0000
  0.0000   0.0000   0.0000   0.0000   0.0000   0.0000   0.0000   0.0000
 -- Virtual --
  0.0000   0.0000   0.0000   0.0000   0.0000   0.0000   0.0000   0.0000
  0.0000   0.0000   0.0000   0.0000   0.0000   0.0000   0.0000   0.0000
  0.0000   0.0000   0.0000   0.0000   0.0000   0.0000   0.0000   0.0000
  0.0000   0.0000   0.0000   0.0000   0.0000   0.0000   0.0000   0.0000
  0.0000   0.0000   0.0000   0.0000   0.0000   0.0000   0.0000   0.0000
  0.0000   0.0000   0.0000   0.0000   0.0000   0.0000   0.0000   0.0000
  0.0000   0.0000   0.0000   0.0000   0.0000   0.0000   0.0000   0.0000
  0.0000   0.0000   0.0000   0.0000   0.0000   0.0000   0.0000   0.0000
  0.0000   0.0000   0.0000   0.0000   0.0000   0.0000   0.0000   0.0000
  0.0000   0.0000   0.0000   0.0000   0.0000   0.0000   0.0000   0.0000
  0.0000   0.0000   0.0000   0.0000   0.0000   0.0000   0.0000   0.0000
  0.0000   0.0000   0.0000   0.0000   0.0000   0.0000   0.0000   0.0000
  0.0000   0.0000   0.0000   0.0000   0.0000   0.0000   0.0000   0.0000
  0.0000   0.0000   0.0000   0.0000   0.0000   0.0000   0.0000   0.0000
  0.0000   0.0000   0.0000   0.0000   0.0000   0.0000   0.0000   0.0000
  0.0000   0.0000   0.0000   0.0000   0.0000   0.0000   0.0000   0.0000
 --------------------------------------------------------------
 
          Ground-State Mulliken Net Atomic Charges

     Atom                 Charge (a.u.)    Spin (a.u.)
  --------------------------------------------------------
      1 C                     0.093492       0.000000
      2 C                     0.093492       0.000000
      3 H                    -0.046746       0.000000
      4 H                    -0.046746       0.000000
      5 H                    -0.046746       0.000000
      6 H                    -0.046746       0.000000
      7 C                     0.093492       0.000000
      8 C                     0.093492       0.000000
      9 H                    -0.046746       0.000000
     10 H                    -0.046746       0.000000
     11 H                    -0.046746       0.000000
     12 H                    -0.046746       0.000000
  --------------------------------------------------------
  Sum of atomic charges =     0.000000
  Sum of spin   charges =     0.000000

 -----------------------------------------------------------------
                    Cartesian Multipole Moments
 -----------------------------------------------------------------
    Charge (ESU x 10^10)
                 0.0000
    Dipole Moment (Debye)
         X      -0.0000      Y      -0.0000      Z       0.0000
       Tot       0.0000
    Quadrupole Moments (Debye-Ang)
        XX     -24.3983     XY      -0.0000     YY     -30.9864
        XZ      -0.0000     YZ       0.0000     ZZ     -24.7345
    Octopole Moments (Debye-Ang^2)
       XXX     -48.7478    XXY     -48.7966    XYY     -20.6370
       YYY    -185.9185    XXZ      -0.0000    XYZ       0.0000
       YYZ       0.0000    XZZ     -16.4732    YZZ     -49.4691
       ZZZ       0.0000
    Hexadecapole Moments (Debye-Ang^3)
      XXXX    -202.2117   XXXY     -97.4957   XXYY    -239.4320
      XYYY    -123.8217   YYYY   -1521.3594   XXXZ      -0.0000
      XXYZ      -0.0000   XYYZ       0.0000   YYYZ       0.0000
      XXZZ     -37.4455   XYZZ     -32.9464   YYZZ    -214.4451
      XZZZ       0.0000   YZZZ       0.0000   ZZZZ     -54.6112
 -----------------------------------------------------------------
 Total job time:  80.43s(wall), 44.64s(cpu) 
 Sat Oct  1 13:15:53 2022

        *************************************************************
        *                                                           *
        *  Thank you very much for using Q-Chem.  Have a nice day.  *
        *                                                           *
        *************************************************************


