
*************** JDFTx 1.7.0  ***************

Start date and time: Wed Sep 11 15:33:52 2024
Executable jdftx with command-line: -i input-tutorial.in -o jdftx.out
Running on hosts (process indices):  6dd72344048b (0)
Divided in process groups (process indices):  0 (0)
Resource initialization completed at t[s]:      0.00
Run totals: 1 processes, 10 threads, 0 GPUs


Input parsed successfully to the following command list (including defaults):

basis kpoint-dependent
coords-type Cartesian
core-overlap-check vector
coulomb-interaction Periodic
davidson-band-ratio 1.1
dump End ElecDensity Ecomponents
dump-name water.$VAR
elec-cutoff 20 100
elec-eigen-algo Davidson
elec-ex-corr gga-PBE
electronic-minimize  \
	dirUpdateScheme      FletcherReeves \
	linminMethod         DirUpdateRecommended \
	nIterations          100 \
	history              15 \
	knormThreshold       0 \
	maxThreshold         no \
	energyDiffThreshold  1e-08 \
	nEnergyDiff          2 \
	alphaTstart          1 \
	alphaTmin            1e-10 \
	updateTestStepSize   yes \
	alphaTreduceFactor   0.1 \
	alphaTincreaseFactor 3 \
	nAlphaAdjustMax      3 \
	wolfeEnergy          0.0001 \
	wolfeGradient        0.9 \
	fdTest               no
exchange-regularization WignerSeitzTruncated
fluid None
fluid-ex-corr lda-TF lda-PZ
fluid-gummel-loop 10 1.000000e-05
fluid-minimize  \
	dirUpdateScheme      PolakRibiere \
	linminMethod         DirUpdateRecommended \
	nIterations          100 \
	history              15 \
	knormThreshold       0 \
	maxThreshold         no \
	energyDiffThreshold  0 \
	nEnergyDiff          2 \
	alphaTstart          1 \
	alphaTmin            1e-10 \
	updateTestStepSize   yes \
	alphaTreduceFactor   0.1 \
	alphaTincreaseFactor 3 \
	nAlphaAdjustMax      3 \
	wolfeEnergy          0.0001 \
	wolfeGradient        0.9 \
	fdTest               no
fluid-solvent H2O 55.338 ScalarEOS \
	epsBulk 78.4 \
	pMol 0.92466 \
	epsInf 1.77 \
	Pvap 1.06736e-10 \
	sigmaBulk 4.62e-05 \
	Rvdw 2.61727 \
	Res 1.42 \
	tauNuc 343133 \
	poleEl 15 7 1
forces-output-coords Positions
ion H   0.000000000000000   1.130000000000000   1.450000000000000 1
ion H   0.000000000000000   1.130000000000000  -1.450000000000000 1
ion O   0.000000000000000   0.000000000000000   0.000000000000000 0
ion-species GBRV/h_pbe.uspp
ion-species GBRV/o_pbe.uspp
ion-width 0
ionic-minimize  \
	dirUpdateScheme      L-BFGS \
	linminMethod         DirUpdateRecommended \
	nIterations          0 \
	history              15 \
	knormThreshold       0.0001 \
	maxThreshold         no \
	energyDiffThreshold  1e-06 \
	nEnergyDiff          2 \
	alphaTstart          1 \
	alphaTmin            1e-10 \
	updateTestStepSize   yes \
	alphaTreduceFactor   0.1 \
	alphaTincreaseFactor 3 \
	nAlphaAdjustMax      3 \
	wolfeEnergy          0.0001 \
	wolfeGradient        0.9 \
	fdTest               no
kpoint   0.000000000000   0.000000000000   0.000000000000  1.00000000000000
kpoint-folding 1 1 1
latt-move-scale 1 1 1
latt-scale 1 1 1
lattice  \
	  10.000000000000000    0.000000000000000    0.000000000000000  \
	   0.000000000000000   10.000000000000000    0.000000000000000  \
	   0.000000000000000    0.000000000000000   10.000000000000000
lattice-minimize  \
	dirUpdateScheme      L-BFGS \
	linminMethod         DirUpdateRecommended \
	nIterations          0 \
	history              15 \
	knormThreshold       0 \
	maxThreshold         no \
	energyDiffThreshold  1e-06 \
	nEnergyDiff          2 \
	alphaTstart          1 \
	alphaTmin            1e-10 \
	updateTestStepSize   yes \
	alphaTreduceFactor   0.1 \
	alphaTincreaseFactor 3 \
	nAlphaAdjustMax      3 \
	wolfeEnergy          0.0001 \
	wolfeGradient        0.9 \
	fdTest               no
lcao-params -1 1e-06 0.001
pcm-variant GLSSA13
perturb-minimize  \
	nIterations            0 \
	algorithm              MINRES \
	residualTol            0.0001 \
	residualDiffThreshold  0.0001 \
	CGBypass               no \
	recomputeResidual      no
spintype no-spin
subspace-rotation-factor 1 yes
symmetries automatic
symmetry-threshold 0.0001



---------- Setting up symmetries ----------

Found 48 point-group symmetries of the bravais lattice
Found 4 space-group symmetries with basis
Applied RMS atom displacement 0 bohrs to make symmetries exact.

---------- Initializing the Grid ----------
R =
[           10            0            0  ]
[            0           10            0  ]
[            0            0           10  ]
unit cell volume = 1000
G =
[   0.628319          0          0  ]
[          0   0.628319          0  ]
[          0          0   0.628319  ]
Minimum fftbox size, Smin = [  48  48  48  ]
Chosen fftbox size, S = [  48  48  48  ]

---------- Initializing tighter grid for wavefunction operations ----------
R =
[           10            0            0  ]
[            0           10            0  ]
[            0            0           10  ]
unit cell volume = 1000
G =
[   0.628319          0          0  ]
[          0   0.628319          0  ]
[          0          0   0.628319  ]
Minimum fftbox size, Smin = [  44  44  44  ]
Chosen fftbox size, S = [  48  48  48  ]
Disabling tighter grid as its sample count matches original.

---------- Exchange Correlation functional ----------
Initalized PBE GGA exchange.
Initalized PBE GGA correlation.

---------- Setting up pseudopotentials ----------
Width of ionic core gaussian charges (only for fluid interactions / plotting) set to 0

Reading pseudopotential file '/usr/local/share/jdftx/pseudopotentials/GBRV/h_pbe.uspp':
  Title: H.  Created by USPP 7.3.6 on 2-4-15
  Reference state energy: -0.458849.  1 valence electrons in orbitals:
    |100>  occupation: 1  eigenvalue: -0.238595
  lMax: 0  lLocal: 1  QijEcut: 6
  2 projectors sampled on a log grid with 395 points:
    l: 0  eig: -0.238595  rCut: 1.2
    l: 0  eig: 1.000000  rCut: 1.2
  Transforming local potential to a uniform radial grid of dG=0.02 with 1311 points.
  Transforming nonlocal projectors to a uniform radial grid of dG=0.02 with 432 points.
  Transforming density augmentations to a uniform radial grid of dG=0.02 with 1311 points.
  Transforming atomic orbitals to a uniform radial grid of dG=0.02 with 432 points.
  Core radius for overlap checks: 1.20 bohrs.

Reading pseudopotential file '/usr/local/share/jdftx/pseudopotentials/GBRV/o_pbe.uspp':
  Title: O.  Created by USPP 7.3.6 on 3-2-2014
  Reference state energy: -15.894388.  6 valence electrons in orbitals:
    |200>  occupation: 2  eigenvalue: -0.878823
    |210>  occupation: 4  eigenvalue: -0.332131
  lMax: 2  lLocal: 2  QijEcut: 6
  5 projectors sampled on a log grid with 511 points:
    l: 0  eig: -0.878823  rCut: 1.25
    l: 0  eig: 0.000000  rCut: 1.25
    l: 1  eig: -0.332132  rCut: 1.25
    l: 1  eig: 0.000000  rCut: 1.25
    l: 2  eig: 1.000000  rCut: 1.25
  Partial core density with radius 0.7
  Transforming core density to a uniform radial grid of dG=0.02 with 1311 points.
  Transforming local potential to a uniform radial grid of dG=0.02 with 1311 points.
  Transforming nonlocal projectors to a uniform radial grid of dG=0.02 with 432 points.
  Transforming density augmentations to a uniform radial grid of dG=0.02 with 1311 points.
  Transforming atomic orbitals to a uniform radial grid of dG=0.02 with 432 points.
  Core radius for overlap checks: 1.25 bohrs.

Initialized 2 species with 3 total atoms.

Folded 1 k-points by 1x1x1 to 1 k-points.

---------- Setting up k-points, bands, fillings ----------
No reducable k-points.
Computing the number of bands and number of electrons
Calculating initial fillings.
nElectrons:   8.000000   nBands: 4   nStates: 1

----- Setting up reduced wavefunction bases (one per k-point) -----
average nbasis = 4337.000 , ideal nbasis = 4272.076

---------- Setting up ewald sum ----------
Optimum gaussian width for ewald sums = 3.321925 bohr.
Real space sum over 1331 unit cells with max indices [  5  5  5  ]
Reciprocal space sum over 2197 terms with max indices [  6  6  6  ]

---------- Allocating electronic variables ----------
Initializing wave functions:  linear combination of atomic orbitals
H pseudo-atom occupations:   s ( 1 )
O pseudo-atom occupations:   s ( 2 )  p ( 4 )
	FillingsUpdate:  mu: -0.000000000  nElectrons: 8.000000
LCAOMinimize: Iter:   0  Etot: -17.0453992811179234  |grad|_K:  7.349e-02  alpha:  1.000e+00
	FillingsUpdate:  mu: -0.000000000  nElectrons: 8.000000
LCAOMinimize: Iter:   1  Etot: -17.1171501354990561  |grad|_K:  7.728e-03  alpha:  4.574e-01  linmin: -5.081e-01  cgtest:  8.268e-01  t[s]:      0.73
LCAOMinimize: Encountered beta<0, resetting CG.
	FillingsUpdate:  mu: -0.000000000  nElectrons: 8.000000
LCAOMinimize: Iter:   2  Etot: -17.1179455877230602  |grad|_K:  1.844e-03  alpha:  5.466e-01  linmin:  4.056e-02  cgtest: -1.257e-01  t[s]:      0.93
	FillingsUpdate:  mu: -0.000000000  nElectrons: 8.000000
LCAOMinimize: Iter:   3  Etot: -17.1180074522768066  |grad|_K:  3.477e-04  alpha:  7.686e-01  linmin: -2.238e-03  cgtest:  3.810e-01  t[s]:      1.14
LCAOMinimize: Encountered beta<0, resetting CG.
LCAOMinimize: None of the convergence criteria satisfied after 3 iterations.


---- Citations for features of the code used in this run ----

   Software package:
      R. Sundararaman, K. Letchworth-Weaver, K.A. Schwarz, D. Gunceler, Y. Ozhabes and T.A. Arias, 'JDFTx: software for joint density-functional theory', SoftwareX 6, 278 (2017)

   gga-PBE exchange-correlation functional:
      J.P. Perdew, K. Burke and M. Ernzerhof, Phys. Rev. Lett. 77, 3865 (1996)

   Pseudopotentials:
      KF Garrity, JW Bennett, KM Rabe and D Vanderbilt, Comput. Mater. Sci. 81, 446 (2014)

   Total energy minimization:
      T.A. Arias, M.C. Payne and J.D. Joannopoulos, Phys. Rev. Lett. 69, 1077 (1992)

This list may not be complete. Please suggest additional citations or
report any other bugs at https://github.com/shankar1729/jdftx/issues

Initialization completed successfully at t[s]:      1.15


-------- Electronic minimization -----------
ElecMinimize: Iter:   0  Etot: -17.118007452276803  |grad|_K:  3.461e-03  alpha:  1.000e+00
ElecMinimize: Iter:   1  Etot: -17.239976035978831  |grad|_K:  1.196e-03  alpha:  5.838e-01  linmin: -1.667e-02  t[s]:      1.53
ElecMinimize: Iter:   2  Etot: -17.256916387715492  |grad|_K:  7.028e-04  alpha:  6.766e-01  linmin: -6.957e-03  t[s]:      1.74
ElecMinimize: Iter:   3  Etot: -17.262777526088392  |grad|_K:  3.653e-04  alpha:  6.796e-01  linmin:  3.962e-03  t[s]:      1.96
ElecMinimize: Iter:   4  Etot: -17.264591637004692  |grad|_K:  1.898e-04  alpha:  7.864e-01  linmin: -2.121e-03  t[s]:      2.17
ElecMinimize: Iter:   5  Etot: -17.265209410817683  |grad|_K:  1.210e-04  alpha:  9.883e-01  linmin:  3.601e-03  t[s]:      2.38
ElecMinimize: Iter:   6  Etot: -17.265434930235163  |grad|_K:  7.934e-05  alpha:  8.913e-01  linmin: -9.633e-04  t[s]:      2.60
ElecMinimize: Iter:   7  Etot: -17.265519246112049  |grad|_K:  4.650e-05  alpha:  7.710e-01  linmin:  3.997e-04  t[s]:      2.81
ElecMinimize: Iter:   8  Etot: -17.265545284843633  |grad|_K:  2.304e-05  alpha:  6.947e-01  linmin: -3.927e-04  t[s]:      3.02
ElecMinimize: Iter:   9  Etot: -17.265551431180857  |grad|_K:  1.098e-05  alpha:  6.671e-01  linmin:  1.083e-04  t[s]:      3.24
ElecMinimize: Iter:  10  Etot: -17.265553096521437  |grad|_K:  5.887e-06  alpha:  7.969e-01  linmin: -1.229e-04  t[s]:      3.45
ElecMinimize: Iter:  11  Etot: -17.265553609424465  |grad|_K:  3.025e-06  alpha:  8.531e-01  linmin:  6.251e-05  t[s]:      3.67
ElecMinimize: Iter:  12  Etot: -17.265553718441076  |grad|_K:  1.386e-06  alpha:  6.867e-01  linmin: -1.747e-05  t[s]:      3.89
ElecMinimize: Iter:  13  Etot: -17.265553738648308  |grad|_K:  7.109e-07  alpha:  6.067e-01  linmin:  7.164e-05  t[s]:      4.11
ElecMinimize: Iter:  14  Etot: -17.265553745515788  |grad|_K:  4.307e-07  alpha:  7.834e-01  linmin:  1.340e-04  t[s]:      4.32
ElecMinimize: Iter:  15  Etot: -17.265553748795949  |grad|_K:  2.991e-07  alpha:  1.019e+00  linmin: -3.794e-04  t[s]:      4.53
ElecMinimize: Converged (|Delta Etot|<1.000000e-08 for 2 iters).
Setting wave functions to eigenvectors of Hamiltonian

# Ionic positions in cartesian coordinates:
ion H   0.000000000000000   1.130000000000000   1.450000000000000 1
ion H   0.000000000000000   1.130000000000000  -1.450000000000000 1
ion O   0.000000000000000   0.000000000000000   0.000000000000000 0

# Forces in Cartesian coordinates:
force H   0.000000000000000   0.004267030393686   0.003209492059085 1
force H   0.000000000000000   0.004267030393686  -0.003209492059085 1
force O   0.000000000000000  -0.008529397238360   0.000000000000000 0

# Energy components:
   Eewald =       -2.1027929252573574
       EH =       12.6242865741920696
     Eloc =      -34.0924822166704402
      Enl =        2.2283604612009782
      Exc =       -4.3528349652691771
 Exc_core =        0.0650494059523429
       KE =        8.3648599170556359
-------------------------------------
     Etot =      -17.2655537487959485

IonicMinimize: Iter:   0  Etot: -17.265553748795949  |grad|_K:  3.083e-03  t[s]:      4.68
IonicMinimize: None of the convergence criteria satisfied after 0 iterations.

#--- Lowdin population analysis ---
# oxidation-state H +0.433 +0.433
# oxidation-state O -0.751


Dumping 'water.n' ... done
Dumping 'water.Ecomponents' ... done
End date and time: Wed Sep 11 15:33:56 2024  (Duration: 0-0:00:04.69)
Done!
