
*************** JDFTx 1.7.0 (git hash 7a8a2210) ***************

Start date and time: Tue Sep 10 15:38:35 2024
Executable /global/cfs/cdirs/m4025/Software/Perlmutter/JDFTx/build-gpu/jdftx with command-line: -o output.out -i inputs.in
Running on hosts (process indices):  login08 (0)
Divided in process groups (process indices):  0 (0)
Resource initialization completed at t[s]:      0.00
Run totals: 1 processes, 128 threads, 0 GPUs


Input parsed successfully to the following command list (including defaults):

band-projection-params yes no
basis kpoint-dependent
converge-empty-states yes
coords-type Lattice
core-overlap-check none
coulomb-interaction Periodic
davidson-band-ratio 1.1
dump End State Forces ElecDensity KEdensity Dtot VfluidTot BandEigs BandProjections EigStats Ecomponents BoundCharge DOS
dump
dump
dump
dump
dump
dump
dump
dump
dump
dump
dump
dump-name jdftx.$VAR
elec-cutoff 20 100
elec-eigen-algo Davidson
elec-ex-corr gga-PBE
elec-initial-magnetization 0.000000 no
elec-smearing Fermi 0.001
electronic-minimize  \
	dirUpdateScheme      FletcherReeves \
	linminMethod         DirUpdateRecommended \
	nIterations          100 \
	history              15 \
	knormThreshold       0 \
	maxThreshold         no \
	energyDiffThreshold  1e-07 \
	nEnergyDiff          2 \
	alphaTstart          1 \
	alphaTmin            1e-10 \
	updateTestStepSize   yes \
	alphaTreduceFactor   0.1 \
	alphaTincreaseFactor 3 \
	nAlphaAdjustMax      3 \
	wolfeEnergy          0.0001 \
	wolfeGradient        0.9 \
	fdTest               no
exchange-regularization WignerSeitzTruncated
fluid None
fluid-ex-corr lda-TF lda-PZ
fluid-gummel-loop 10 1.000000e-05
fluid-minimize  \
	dirUpdateScheme      PolakRibiere \
	linminMethod         DirUpdateRecommended \
	nIterations          100 \
	history              15 \
	knormThreshold       0 \
	maxThreshold         no \
	energyDiffThreshold  0 \
	nEnergyDiff          2 \
	alphaTstart          1 \
	alphaTmin            1e-10 \
	updateTestStepSize   yes \
	alphaTreduceFactor   0.1 \
	alphaTincreaseFactor 3 \
	nAlphaAdjustMax      3 \
	wolfeEnergy          0.0001 \
	wolfeGradient        0.9 \
	fdTest               no
fluid-solvent H2O 55.338 ScalarEOS \
	epsBulk 78.4 \
	pMol 0.92466 \
	epsInf 1.77 \
	Pvap 1.06736e-10 \
	sigmaBulk 4.62e-05 \
	Rvdw 2.61727 \
	Res 1.42 \
	tauNuc 343133 \
	poleEl 15 7 1
forces-output-coords Positions
ion Si   0.000000000000000   0.000000000000000   0.000000000000000 1
ion Si   0.250000000000000   0.250000000000000   0.250000000000000 1
ion-species GBRV_v1.5/$ID_pbe_v1.uspp
ion-width 0
ionic-minimize  \
	dirUpdateScheme      L-BFGS \
	linminMethod         DirUpdateRecommended \
	nIterations          0 \
	history              15 \
	knormThreshold       0.0001 \
	maxThreshold         no \
	energyDiffThreshold  1e-06 \
	nEnergyDiff          2 \
	alphaTstart          1 \
	alphaTmin            1e-10 \
	updateTestStepSize   yes \
	alphaTreduceFactor   0.1 \
	alphaTincreaseFactor 3 \
	nAlphaAdjustMax      3 \
	wolfeEnergy          0.0001 \
	wolfeGradient        0.9 \
	fdTest               no
kpoint   0.000000000000   0.000000000000   0.000000000000  1.00000000000000
kpoint-folding 1 1 1
latt-move-scale 0 0 0
latt-scale 1 1 1
lattice  \
	   0.000000000000000    5.158952320228000    5.158952320228000  \
	   5.158952320228000    0.000000000000000    5.158952320228000  \
	   5.158952320228000    5.158952320228000    0.000000000000000
lattice-minimize  \
	dirUpdateScheme      L-BFGS \
	linminMethod         DirUpdateRecommended \
	nIterations          0 \
	history              15 \
	knormThreshold       0 \
	maxThreshold         no \
	energyDiffThreshold  1e-06 \
	nEnergyDiff          2 \
	alphaTstart          1 \
	alphaTmin            1e-10 \
	updateTestStepSize   yes \
	alphaTreduceFactor   0.1 \
	alphaTincreaseFactor 3 \
	nAlphaAdjustMax      3 \
	wolfeEnergy          0.0001 \
	wolfeGradient        0.9 \
	fdTest               no
lcao-params -1 1e-06 0.001
pcm-variant GLSSA13
perturb-minimize  \
	nIterations            0 \
	algorithm              MINRES \
	residualTol            0.0001 \
	residualDiffThreshold  0.0001 \
	CGBypass               no \
	recomputeResidual      no
spintype z-spin
subspace-rotation-factor 1 yes
symmetries none
symmetry-threshold 0.0001
van-der-waals D3


Applied RMS atom displacement 0 bohrs to make symmetries exact.

---------- Initializing the Grid ----------
R =
[            0      5.15895      5.15895  ]
[      5.15895            0      5.15895  ]
[      5.15895      5.15895            0  ]
unit cell volume = 274.609
G =
[  -0.608959   0.608959   0.608959  ]
[   0.608959  -0.608959   0.608959  ]
[   0.608959   0.608959  -0.608959  ]
Minimum fftbox size, Smin = [  36  36  36  ]
Chosen fftbox size, S = [  36  36  36  ]

---------- Initializing tighter grid for wavefunction operations ----------
R =
[            0      5.15895      5.15895  ]
[      5.15895            0      5.15895  ]
[      5.15895      5.15895            0  ]
unit cell volume = 274.609
G =
[  -0.608959   0.608959   0.608959  ]
[   0.608959  -0.608959   0.608959  ]
[   0.608959   0.608959  -0.608959  ]
Minimum fftbox size, Smin = [  32  32  32  ]
Chosen fftbox size, S = [  32  32  32  ]

---------- Exchange Correlation functional ----------
Initalized PBE GGA exchange.
Initalized PBE GGA correlation.

---------- Setting up pseudopotentials ----------
Width of ionic core gaussian charges (only for fluid interactions / plotting) set to 0

Reading pseudopotential file '/global/u2/r/ravish/Project-BEAST/Software/Perlmutter/JDFTx/build-gpu/pseudopotentials/GBRV_v1.5/si_pbe_v1.uspp':
  Title: Si.  Created by USPP 7.3.6 on 14-9-2013
  Reference state energy: -4.599342.  4 valence electrons in orbitals:
    |300>  occupation: 2  eigenvalue: -0.397366
    |310>  occupation: 2  eigenvalue: -0.149981
  lMax: 2  lLocal: 3  QijEcut: 5
  6 projectors sampled on a log grid with 627 points:
    l: 0  eig: -0.397364  rCut: 1.6
    l: 0  eig: 1.000000  rCut: 1.6
    l: 1  eig: -0.149982  rCut: 1.6
    l: 1  eig: 1.000000  rCut: 1.6
    l: 2  eig: -0.100000  rCut: 1.7
    l: 2  eig: 0.100000  rCut: 1.7
  Partial core density with radius 1.45
  Transforming core density to a uniform radial grid of dG=0.02 with 1823 points.
  Transforming local potential to a uniform radial grid of dG=0.02 with 1823 points.
  Transforming nonlocal projectors to a uniform radial grid of dG=0.02 with 432 points.
  Transforming density augmentations to a uniform radial grid of dG=0.02 with 1823 points.
  Transforming atomic orbitals to a uniform radial grid of dG=0.02 with 432 points.
  Core radius for overlap checks: 1.70 bohrs.

Initialized 1 species with 2 total atoms.

Folded 1 k-points by 1x1x1 to 1 k-points.

---------- Setting up k-points, bands, fillings ----------
No reducable k-points.
Computing the number of bands and number of electrons
Calculating initial fillings.
nElectrons:   8.000000   nBands: 8   nStates: 2

----- Setting up reduced wavefunction bases (one per k-point) -----
average nbasis = 1211.000 , ideal nbasis = 1173.150

----- Initializing Supercell corresponding to k-point mesh -----
Lattice vector linear combinations in supercell:
[   1   0   0  ]
[   0   1   0  ]
[   0   0   1  ]
Supercell lattice vectors:
[  0  5.15895  5.15895  ]
[  5.15895  0  5.15895  ]
[  5.15895  5.15895  0  ]

Initializing DFT-D3 calculator:
	Parameters set for gga-PBE functional
	s6:  1.000  s_r6:  1.217
	s8:  0.722  s_r8:  1.000
	Per-atom parameters loaded for:
	Si:  sqrtQ[a0]:  4.883  Rcov[a0]:  1.965  CN: [ 0.00 0.95 1.94 2.94 3.87 ]

---------- Setting up ewald sum ----------
Optimum gaussian width for ewald sums = 2.343107 bohr.
Real space sum over 1331 unit cells with max indices [  5  5  5  ]
Reciprocal space sum over 2197 terms with max indices [  6  6  6  ]

Computing DFT-D3 correction:
# coordination-number Si 3.934 3.934
# diagonal-C6 Si 150.98 150.98
EvdW_6 =   -0.004812
EvdW_8 =   -0.005928

---------- Allocating electronic variables ----------
Initializing wave functions:  linear combination of atomic orbitals
Si pseudo-atom occupations:   s ( 2 )  p ( 2 )
	FillingsUpdate:  mu: +0.300000000  nElectrons: 8.000000  magneticMoment: [ Abs: 0.05457  Tot: +0.00000 ]
LCAOMinimize: Iter:   0  F: -7.2060510211628657  |grad|_K:  1.886e-03  alpha:  1.000e+00
	FillingsUpdate:  mu: +0.300000000  nElectrons: 8.000000  magneticMoment: [ Abs: 0.09119  Tot: -0.00000 ]
LCAOMinimize: Iter:   1  F: -7.2063685916832334  |grad|_K:  5.834e-04  alpha:  1.124e+00  linmin:  3.817e-02  cgtest: -2.788e-01  t[s]:      6.44
	FillingsUpdate:  mu: +0.300000000  nElectrons: 8.000000  magneticMoment: [ Abs: 0.10044  Tot: -0.00000 ]
LCAOMinimize: Iter:   2  F: -7.2063783123606422  |grad|_K:  4.380e-04  alpha:  4.429e-01  linmin: -3.831e-04  cgtest:  3.223e-01  t[s]:      7.76
	FillingsUpdate:  mu: +0.300000000  nElectrons: 8.000000  magneticMoment: [ Abs: 0.11391  Tot: -0.00000 ]
LCAOMinimize: Iter:   3  F: -7.2063896542225114  |grad|_K:  3.934e-04  alpha:  7.264e-01  linmin: -1.849e-03  cgtest: -6.260e-02  t[s]:      9.08
	FillingsUpdate:  mu: +0.300000000  nElectrons: 8.000000  magneticMoment: [ Abs: 0.13174  Tot: +0.00000 ]
LCAOMinimize: Iter:   4  F: -7.2063983436458487  |grad|_K:  2.576e-04  alpha:  6.875e-01  linmin: -1.255e-03  cgtest: -1.394e-02  t[s]:     10.38
	FillingsUpdate:  mu: +0.300000000  nElectrons: 8.000000  magneticMoment: [ Abs: 0.14539  Tot: -0.00000 ]
LCAOMinimize: Iter:   5  F: -7.2064026255138733  |grad|_K:  2.928e-04  alpha:  7.926e-01  linmin:  2.751e-05  cgtest: -1.985e-03  t[s]:     11.67
LCAOMinimize: 	Wrong curvature in test step, increasing alphaT to 2.377785e+00.
	FillingsUpdate:  mu: +0.300000000  nElectrons: 8.000000  magneticMoment: [ Abs: 0.16979  Tot: -0.00000 ]
LCAOMinimize: Iter:   6  F: -7.2064145465652478  |grad|_K:  4.104e-04  alpha: -4.785e+00  linmin: -2.744e-01  cgtest:  8.230e-01  t[s]:     12.87
LCAOMinimize: 	Wrong curvature in test step, increasing alphaT to 3.000000e+00.
	FillingsUpdate:  mu: +0.300000000  nElectrons: 8.000000  magneticMoment: [ Abs: 0.21360  Tot: -0.00000 ]
LCAOMinimize: Iter:   7  F: -7.2064582445430823  |grad|_K:  5.688e-04  alpha: -6.242e+00  linmin: -4.125e-01  cgtest:  5.302e-01  t[s]:     14.12
LCAOMinimize: 	Wrong curvature in test step, increasing alphaT to 3.000000e+00.
	FillingsUpdate:  mu: +0.300000000  nElectrons: 8.000000  magneticMoment: [ Abs: 0.32915  Tot: -0.00000 ]
LCAOMinimize: Iter:   8  F: -7.2066004047815957  |grad|_K:  1.034e-03  alpha: -1.592e+00  linmin: -6.341e-01  cgtest:  7.738e-01  t[s]:     15.27
LCAOMinimize: 	Wrong curvature in test step, increasing alphaT to 3.000000e+00.
	FillingsUpdate:  mu: +0.300000000  nElectrons: 8.000000  magneticMoment: [ Abs: 0.68434  Tot: -0.00000 ]
LCAOMinimize: Iter:   9  F: -7.2073500232162235  |grad|_K:  1.846e-03  alpha: -1.050e+00  linmin: -8.010e-01  cgtest:  8.417e-01  t[s]:     16.42
LCAOMinimize: 	Wrong curvature in test step, increasing alphaT to 3.000000e+00.
	FillingsUpdate:  mu: +0.300000000  nElectrons: 8.000000  magneticMoment: [ Abs: 1.43536  Tot: -0.00000 ]
LCAOMinimize: Iter:  10  F: -7.2103485096127606  |grad|_K:  3.208e-03  alpha: -1.366e+00  linmin: -7.654e-01  cgtest:  1.041e+00  t[s]:     17.65
LCAOMinimize: 	Predicted alpha/alphaT>3.000000, increasing alphaT to 3.000000e+00.
	FillingsUpdate:  mu: +0.300000000  nElectrons: 8.000000  magneticMoment: [ Abs: 3.28688  Tot: +0.00000 ]
LCAOMinimize: Iter:  11  F: -7.2179654164556606  |grad|_K:  1.170e-03  alpha:  2.201e+00  linmin:  4.136e-01  cgtest: -9.295e-01  t[s]:     19.36
LCAOMinimize: 	Bad step direction: g.d > 0.
LCAOMinimize: 	Undoing step.
LCAOMinimize: 	Step failed: resetting search direction.
	FillingsUpdate:  mu: +0.300000000  nElectrons: 8.000000  magneticMoment: [ Abs: 3.28688  Tot: +0.00000 ]
LCAOMinimize: Iter:  12  F: -7.2179654164556606  |grad|_K:  1.170e-03  alpha:  0.000e+00
	FillingsUpdate:  mu: +0.300000000  nElectrons: 8.000000  magneticMoment: [ Abs: 3.24853  Tot: -0.00000 ]
LCAOMinimize: Iter:  13  F: -7.2180555951093464  |grad|_K:  7.587e-04  alpha:  7.950e-01  linmin: -7.516e-03  cgtest:  2.479e-02  t[s]:     21.58
	FillingsUpdate:  mu: +0.300000000  nElectrons: 8.000000  magneticMoment: [ Abs: 3.19886  Tot: -0.00000 ]
LCAOMinimize: Iter:  14  F: -7.2180998548815367  |grad|_K:  3.652e-04  alpha:  9.374e-01  linmin:  1.156e-02  cgtest: -1.118e-01  t[s]:     22.91
	FillingsUpdate:  mu: +0.300000000  nElectrons: 8.000000  magneticMoment: [ Abs: 3.17324  Tot: -0.00000 ]
LCAOMinimize: Iter:  15  F: -7.2181096351240921  |grad|_K:  1.386e-04  alpha:  9.246e-01  linmin:  5.775e-03  cgtest:  8.217e-02  t[s]:     24.24
	FillingsUpdate:  mu: +0.300000000  nElectrons: 8.000000  magneticMoment: [ Abs: 3.16897  Tot: -0.00000 ]
LCAOMinimize: Iter:  16  F: -7.2181109823561300  |grad|_K:  3.571e-05  alpha:  8.698e-01  linmin:  7.178e-04  cgtest: -2.935e-03  t[s]:     25.54
	FillingsUpdate:  mu: +0.300000000  nElectrons: 8.000000  magneticMoment: [ Abs: 3.16861  Tot: +0.00000 ]
LCAOMinimize: Iter:  17  F: -7.2181110936109594  |grad|_K:  1.897e-05  alpha:  1.078e+00  linmin: -1.383e-04  cgtest:  1.314e-03  t[s]:     27.09
	FillingsUpdate:  mu: +0.300000000  nElectrons: 8.000000  magneticMoment: [ Abs: 3.16865  Tot: -0.00000 ]
LCAOMinimize: Iter:  18  F: -7.2181111110007334  |grad|_K:  7.173e-06  alpha:  5.964e-01  linmin:  2.592e-05  cgtest: -7.444e-04  t[s]:     28.44
LCAOMinimize: Converged (|Delta F|<1.000000e-06 for 2 iters).


---- Citations for features of the code used in this run ----

   Software package:
      R. Sundararaman, K. Letchworth-Weaver, K.A. Schwarz, D. Gunceler, Y. Ozhabes and T.A. Arias, 'JDFTx: software for joint density-functional theory', SoftwareX 6, 278 (2017)

   gga-PBE exchange-correlation functional:
      J.P. Perdew, K. Burke and M. Ernzerhof, Phys. Rev. Lett. 77, 3865 (1996)

   Pseudopotentials:
      KF Garrity, JW Bennett, KM Rabe and D Vanderbilt, Comput. Mater. Sci. 81, 446 (2014)

   DFT-D3 dispersion correction:
      S. Grimme, J. Antony, S. Ehrlich and H. Krieg, J. Chem. Phys. 132, 154104 (2010)

   Total energy minimization with Auxiliary Hamiltonian:
      C. Freysoldt, S. Boeck, and J. Neugebauer, Phys. Rev. B 79, 241103(R) (2009)

   Linear-tetrahedron sampling for density of states:
      G. Lehmann and M. Taut, Phys. status solidi (b) 54, 469 (1972)

   Smooth electrostatic potentials by atom-potential subtraction:
      R. Sundararaman and Y. Ping, J. Chem. Phys. 146, 104109 (2017)

This list may not be complete. Please suggest additional citations or
report any other bugs at https://github.com/shankar1729/jdftx/issues

Initialization completed successfully at t[s]:     29.13


Computing DFT-D3 correction:
# coordination-number Si 3.934 3.934
# diagonal-C6 Si 150.98 150.98
EvdW_6 =   -0.004812
EvdW_8 =   -0.005928

-------- Electronic minimization -----------
	FillingsUpdate:  mu: +0.300000000  nElectrons: 8.000000  magneticMoment: [ Abs: 3.16865  Tot: +0.00000 ]
ElecMinimize: Iter:   0  F: -7.218111111000731  |grad|_K:  1.596e-03  alpha:  1.000e+00
	FillingsUpdate:  mu: +0.300000000  nElectrons: 8.000000  magneticMoment: [ Abs: 2.67018  Tot: -0.00000 ]
	SubspaceRotationAdjust: set factor to 1
ElecMinimize: Iter:   1  F: -7.314930529295577  |grad|_K:  6.688e-04  alpha:  1.962e+00  linmin:  2.023e-04  t[s]:     34.27
	FillingsUpdate:  mu: +0.300000000  nElectrons: 8.000000  magneticMoment: [ Abs: 1.90161  Tot: -0.00000 ]
	SubspaceRotationAdjust: set factor to 1.44
ElecMinimize: Iter:   2  F: -7.331147917432828  |grad|_K:  3.300e-04  alpha:  1.855e+00  linmin:  1.947e-03  t[s]:     37.38
	FillingsUpdate:  mu: +0.300000000  nElectrons: 8.000000  magneticMoment: [ Abs: 1.54288  Tot: -0.00000 ]
	SubspaceRotationAdjust: set factor to 1.08
ElecMinimize: Iter:   3  F: -7.333840528387865  |grad|_K:  2.269e-04  alpha:  1.372e+00  linmin: -4.908e-04  t[s]:     40.44
	FillingsUpdate:  mu: +0.300000000  nElectrons: 8.000000  magneticMoment: [ Abs: 1.45008  Tot: +0.00000 ]
	SubspaceRotationAdjust: set factor to 0.614
ElecMinimize: Iter:   4  F: -7.334334462613685  |grad|_K:  1.187e-04  alpha:  4.912e-01  linmin:  1.945e-04  t[s]:     43.42
ElecMinimize: 	Predicted alpha/alphaT>3.000000, increasing alphaT to 1.473606e+00.
	FillingsUpdate:  mu: +0.300000000  nElectrons: 8.000000  magneticMoment: [ Abs: 1.29274  Tot: -0.00000 ]
	SubspaceRotationAdjust: set factor to 0.626
ElecMinimize: Iter:   5  F: -7.334725950453189  |grad|_K:  7.518e-05  alpha:  1.434e+00  linmin:  4.243e-03  t[s]:     47.13
	FillingsUpdate:  mu: +0.300000000  nElectrons: 8.000000  magneticMoment: [ Abs: 1.18116  Tot: +0.00000 ]
	SubspaceRotationAdjust: set factor to 0.587
ElecMinimize: Iter:   6  F: -7.334891992565254  |grad|_K:  4.689e-05  alpha:  1.550e+00  linmin:  1.492e-03  t[s]:     49.99
	FillingsUpdate:  mu: +0.300000000  nElectrons: 8.000000  magneticMoment: [ Abs: 1.11646  Tot: -0.00000 ]
	SubspaceRotationAdjust: set factor to 0.631
ElecMinimize: Iter:   7  F: -7.334953056442439  |grad|_K:  3.191e-05  alpha:  1.460e+00  linmin:  4.656e-04  t[s]:     52.81
	FillingsUpdate:  mu: +0.300000000  nElectrons: 8.000000  magneticMoment: [ Abs: 1.08269  Tot: -0.00000 ]
	SubspaceRotationAdjust: set factor to 0.562
ElecMinimize: Iter:   8  F: -7.334974776451476  |grad|_K:  2.114e-05  alpha:  1.101e+00  linmin:  2.640e-05  t[s]:     55.73
	FillingsUpdate:  mu: +0.300000000  nElectrons: 8.000000  magneticMoment: [ Abs: 1.04059  Tot: -0.00000 ]
	SubspaceRotationAdjust: set factor to 0.675
ElecMinimize: Iter:   9  F: -7.334991374910615  |grad|_K:  1.637e-05  alpha:  1.911e+00  linmin:  7.299e-05  t[s]:     58.55
	FillingsUpdate:  mu: +0.300000000  nElectrons: 8.000000  magneticMoment: [ Abs: 1.00078  Tot: +0.00000 ]
	SubspaceRotationAdjust: set factor to 0.672
ElecMinimize: Iter:  10  F: -7.335002392399978  |grad|_K:  1.488e-05  alpha:  2.118e+00  linmin: -6.714e-05  t[s]:     61.53
	FillingsUpdate:  mu: +0.300000000  nElectrons: 8.000000  magneticMoment: [ Abs: 0.97456  Tot: -0.00000 ]
	SubspaceRotationAdjust: set factor to 0.567
ElecMinimize: Iter:  11  F: -7.335007851821042  |grad|_K:  1.114e-05  alpha:  1.260e+00  linmin: -1.102e-04  t[s]:     64.50
	FillingsUpdate:  mu: +0.300000000  nElectrons: 8.000000  magneticMoment: [ Abs: 0.95317  Tot: -0.00000 ]
	SubspaceRotationAdjust: set factor to 0.498
ElecMinimize: Iter:  12  F: -7.335011052651584  |grad|_K:  8.698e-06  alpha:  1.326e+00  linmin:  1.850e-04  t[s]:     67.43
	FillingsUpdate:  mu: +0.300000000  nElectrons: 8.000000  magneticMoment: [ Abs: 0.92482  Tot: +0.00000 ]
	SubspaceRotationAdjust: set factor to 0.572
ElecMinimize: Iter:  13  F: -7.335014280075201  |grad|_K:  6.494e-06  alpha:  2.201e+00  linmin: -1.274e-04  t[s]:     70.40
	FillingsUpdate:  mu: +0.300000000  nElectrons: 8.000000  magneticMoment: [ Abs: 0.91250  Tot: -0.00000 ]
	SubspaceRotationAdjust: set factor to 0.587
ElecMinimize: Iter:  14  F: -7.335015485779708  |grad|_K:  4.500e-06  alpha:  1.468e+00  linmin:  8.020e-07  t[s]:     73.34
	FillingsUpdate:  mu: +0.300000000  nElectrons: 8.000000  magneticMoment: [ Abs: 0.90641  Tot: +0.00000 ]
	SubspaceRotationAdjust: set factor to 0.5
ElecMinimize: Iter:  15  F: -7.335015968271279  |grad|_K:  3.228e-06  alpha:  1.225e+00  linmin:  1.150e-05  t[s]:     76.25
	FillingsUpdate:  mu: +0.300000000  nElectrons: 8.000000  magneticMoment: [ Abs: 0.90001  Tot: -0.00000 ]
	SubspaceRotationAdjust: set factor to 0.605
ElecMinimize: Iter:  16  F: -7.335016345232528  |grad|_K:  2.207e-06  alpha:  1.862e+00  linmin:  2.772e-05  t[s]:     79.06
	FillingsUpdate:  mu: +0.300000000  nElectrons: 8.000000  magneticMoment: [ Abs: 0.89542  Tot: -0.00000 ]
	SubspaceRotationAdjust: set factor to 0.589
ElecMinimize: Iter:  17  F: -7.335016526873755  |grad|_K:  1.803e-06  alpha:  1.919e+00  linmin: -7.733e-06  t[s]:     81.86
	FillingsUpdate:  mu: +0.300000000  nElectrons: 8.000000  magneticMoment: [ Abs: 0.89179  Tot: +0.00000 ]
	SubspaceRotationAdjust: set factor to 0.533
ElecMinimize: Iter:  18  F: -7.335016626186356  |grad|_K:  1.500e-06  alpha:  1.571e+00  linmin:  6.628e-06  t[s]:     84.70
	FillingsUpdate:  mu: +0.300000000  nElectrons: 8.000000  magneticMoment: [ Abs: 0.88872  Tot: -0.00000 ]
	SubspaceRotationAdjust: set factor to 0.496
ElecMinimize: Iter:  19  F: -7.335016688854340  |grad|_K:  1.199e-06  alpha:  1.434e+00  linmin:  9.772e-06  t[s]:     87.56
ElecMinimize: Converged (|Delta F|<1.000000e-07 for 2 iters).
Setting wave functions to eigenvectors of Hamiltonian
Converging empty states (this may take a while): |deigs|: 3.202e-08

Computing DFT-D3 correction:
# coordination-number Si 3.934 3.934
# diagonal-C6 Si 150.98 150.98
EvdW_6 =   -0.004812
EvdW_8 =   -0.005928

# Ionic positions in lattice coordinates:
ion Si   0.000000000000000   0.000000000000000   0.000000000000000 1
ion Si   0.250000000000000   0.250000000000000   0.250000000000000 1

# Forces in Lattice coordinates:
force Si   0.000859464135717   0.000906836380059   0.000113864995595 1
force Si   0.000830571877313   0.000889653496390   0.000137291291108 1

# Energy components:
   Eewald =       -8.3533209221888320
       EH =        0.8497405622654524
     Eloc =       -2.5486010688198264
      Enl =        1.5155504684220684
     EvdW =       -0.0107407148695581
      Exc =       -4.4496334693684680
 Exc_core =        1.6535529268824802
       KE =        4.0084355288223428
-------------------------------------
     Etot =       -7.3350166888543402

IonicMinimize: Iter:   0  F: -7.335016688854340  |grad|_K:  2.203e-06  t[s]:     90.85
IonicMinimize: Converged (|grad|_K<1.000000e-04).

#--- Lowdin population analysis ---
# oxidation-state Si +0.123 +0.124
# magnetic-moments Si +0.719 -0.719


Dumping 'jdftx.fillings' ... done
Dumping 'jdftx.wfns' ... done
Dumping 'jdftx.force' ... done
Dumping 'jdftx.n_up' ... done
Dumping 'jdftx.n_dn' ... done
Dumping 'jdftx.tau_up' ... done
Dumping 'jdftx.tau_dn' ... done
Dumping 'jdftx.d_tot' ... done
Dumping 'jdftx.eigenvals' ... done
Dumping 'jdftx.bandProjections' ... done
Dumping 'jdftx.eigStats' ...
	eMin: -0.185024 at state 0 ( [ +0.000000 +0.000000 +0.000000 ] spin 1 )
	HOMO: +0.255923 at state 1 ( [ +0.000000 +0.000000 +0.000000 ] spin -1 )
	mu  : +0.300000
	LUMO: +0.342779 at state 1 ( [ +0.000000 +0.000000 +0.000000 ] spin -1 )
	eMax: +0.378059 at state 0 ( [ +0.000000 +0.000000 +0.000000 ] spin 1 )
	HOMO-LUMO gap: +0.086855
	Optical gap  : +0.086855 at state 1 ( [ +0.000000 +0.000000 +0.000000 ] spin -1 )
Dumping 'jdftx.Ecomponents' ... done
Dumping 'jdftx.dosUp' ... done.
Dumping 'jdftx.dosDn' ... done.
End date and time: Tue Sep 10 15:40:07 2024  (Duration: 0-0:01:32.16)
Done!

PROFILER:             augmentDensityGrid     0.046817 +/-     0.003013 s,   77 calls,      3.604899 s total
PROFILER:         augmentDensityGridGrad     0.076243 +/-     0.004921 s,   41 calls,      3.125951 s total
PROFILER:        augmentDensitySpherical     0.016015 +/-     0.002035 s,  154 calls,      2.466383 s total
PROFILER:    augmentDensitySphericalGrad     0.015932 +/-     0.001731 s,   86 calls,      1.370161 s total
PROFILER:                 augmentOverlap     0.164984 +/-     0.012642 s,  170 calls,     28.047304 s total
PROFILER:                     changeGrid     0.007767 +/-     0.004484 s,  328 calls,      2.547427 s total
PROFILER:        ColumnBundle::randomize     0.000509 +/-     0.000009 s,    2 calls,      0.001019 s total
PROFILER:                     diagouterI     0.020217 +/-     0.002034 s,  160 calls,      3.234774 s total
PROFILER:              EdensityAndVscloc     0.138048 +/-     0.011541 s,   78 calls,     10.767748 s total
PROFILER:                     EnlAndGrad     0.029847 +/-     0.002862 s,   88 calls,      2.626502 s total
PROFILER:            ExCorrCommunication     0.000012 +/-     0.000021 s,  481 calls,      0.005727 s total
PROFILER:               ExCorrFunctional     0.015656 +/-     0.001518 s,   82 calls,      1.283785 s total
PROFILER:                    ExCorrTotal     0.132803 +/-     0.063744 s,   82 calls,     10.889862 s total
PROFILER:                   Idag_DiagV_I     0.030484 +/-     0.032125 s,   84 calls,      2.560683 s total
PROFILER:                    inv(matrix)     0.000077 +/-     0.000013 s,   78 calls,      0.006044 s total
PROFILER:            matrix::diagonalize     0.000138 +/-     0.000033 s,  230 calls,      0.031804 s total
PROFILER:                    matrix::set     0.000002 +/-     0.000001 s,  388 calls,      0.000946 s total
PROFILER:            orthoMatrix(matrix)     0.000055 +/-     0.000020 s,   84 calls,      0.004620 s total
PROFILER:     RadialFunctionR::transform     0.007665 +/-     0.000830 s,   49 calls,      0.375605 s total
PROFILER:                    reduceKmesh     0.000021 +/-     0.000000 s,    1 calls,      0.000021 s total
PROFILER:   VanDerWaalsD3::energyAndGrad     0.323459 +/-     0.036199 s,    3 calls,      0.970378 s total
PROFILER:               WavefunctionDrag     0.592985 +/-     0.000000 s,    1 calls,      0.592985 s total
PROFILER:                            Y*M     0.007572 +/-     0.003530 s,  649 calls,      4.914124 s total
PROFILER:                          Y1^Y2     0.007448 +/-     0.000837 s,  400 calls,      2.979198 s total

MEMUSAGE:                   ColumnBundle     0.001949 GB
MEMUSAGE:        complexScalarFieldTilde     0.004395 GB
MEMUSAGE:                    IndexArrays     0.000036 GB
MEMUSAGE:                         matrix     0.003362 GB
MEMUSAGE:                           misc     0.001588 GB
MEMUSAGE:                    ScalarField     0.034726 GB
MEMUSAGE:               ScalarFieldTilde     0.003302 GB
MEMUSAGE:                          Total     0.038080 GB
